// Jest Snapshot v1, https://goo.gl/fbAQLP

exports[`AppComponent should render title in a h1 tag 1`] = `" Welcome to app! "`;
